../Drivers/STM32F0xx_HAL_Driver/Src/stm32f0xx_hal_rcc_ex.c:102:19:HAL_RCCEx_PeriphCLKConfig	32	static
../Drivers/STM32F0xx_HAL_Driver/Src/stm32f0xx_hal_rcc_ex.c:268:6:HAL_RCCEx_GetPeriphCLKConfig	16	static
../Drivers/STM32F0xx_HAL_Driver/Src/stm32f0xx_hal_rcc_ex.c:368:10:HAL_RCCEx_GetPeriphCLKFreq	40	static
../Drivers/STM32F0xx_HAL_Driver/Src/stm32f0xx_hal_rcc_ex.c:657:6:HAL_RCCEx_CRSConfig	24	static
../Drivers/STM32F0xx_HAL_Driver/Src/stm32f0xx_hal_rcc_ex.c:699:6:HAL_RCCEx_CRSSoftwareSynchronizationGenerate	8	static
../Drivers/STM32F0xx_HAL_Driver/Src/stm32f0xx_hal_rcc_ex.c:709:6:HAL_RCCEx_CRSGetSynchronizationInfo	16	static
../Drivers/STM32F0xx_HAL_Driver/Src/stm32f0xx_hal_rcc_ex.c:742:10:HAL_RCCEx_CRSWaitSynchronization	24	static
../Drivers/STM32F0xx_HAL_Driver/Src/stm32f0xx_hal_rcc_ex.c:825:6:HAL_RCCEx_CRS_IRQHandler	24	static
../Drivers/STM32F0xx_HAL_Driver/Src/stm32f0xx_hal_rcc_ex.c:890:13:HAL_RCCEx_CRS_SyncOkCallback	8	static
../Drivers/STM32F0xx_HAL_Driver/Src/stm32f0xx_hal_rcc_ex.c:901:13:HAL_RCCEx_CRS_SyncWarnCallback	8	static
../Drivers/STM32F0xx_HAL_Driver/Src/stm32f0xx_hal_rcc_ex.c:912:13:HAL_RCCEx_CRS_ExpectedSyncCallback	8	static
../Drivers/STM32F0xx_HAL_Driver/Src/stm32f0xx_hal_rcc_ex.c:928:13:HAL_RCCEx_CRS_ErrorCallback	16	static
