22:49:17 **** Incremental Build of configuration Debug for project 2021-Firmware-Bootcamp ****
make -j15 all 
arm-none-eabi-gcc "../Core/Src/main.c" -mcpu=cortex-m0 -std=gnu11 -g3 -DDEBUG -DUSE_HAL_DRIVER -DSTM32F072xB -c -I../Core/Inc -I../Drivers/STM32F0xx_HAL_Driver/Inc -I../Drivers/STM32F0xx_HAL_Driver/Inc/Legacy -I../Drivers/CMSIS/Device/ST/STM32F0xx/Include -I../Drivers/CMSIS/Include -O0 -ffunction-sections -fdata-sections -Wall -fstack-usage -fcyclomatic-complexity -MMD -MP -MF"Core/Src/main.d" -MT"Core/Src/main.o" --specs=nano.specs -mfloat-abi=soft -mthumb -o "Core/Src/main.o"
../Core/Src/main.c: In function 'ADC_communication':
../Core/Src/main.c:102:11: warning: implicit declaration of function 'Hal_GPIO_WritePin'; did you mean 'HAL_GPIO_WritePin'? [-Wimplicit-function-declaration]
  102 |           Hal_GPIO_WritePin(GPIOA, cs_pin, GPIO_PIN_SET);
      |           ^~~~~~~~~~~~~~~~~
      |           HAL_GPIO_WritePin
../Core/Src/main.c:106:43: warning: passing argument 2 of 'HAL_SPI_TransmitReceive' from incompatible pointer type [-Wincompatible-pointer-types]
  106 |           HAL_SPI_TransmitReceive(&hspi1, &transmit, &receive, 8, 30);
      |                                           ^~~~~~~~~
      |                                           |
      |                                           uint8_t (*)[8] {aka unsigned char (*)[8]}
In file included from ../Core/Inc/stm32f0xx_hal_conf.h:277,
                 from ../Drivers/STM32F0xx_HAL_Driver/Inc/stm32f0xx_hal.h:29,
                 from ../Core/Inc/main.h:30,
                 from ../Core/Src/main.c:20:
../Drivers/STM32F0xx_HAL_Driver/Inc/stm32f0xx_hal_spi.h:794:77: note: expected 'uint8_t *' {aka 'unsigned char *'} but argument is of type 'uint8_t (*)[8]' {aka 'unsigned char (*)[8]'}
  794 | HAL_StatusTypeDef HAL_SPI_TransmitReceive(SPI_HandleTypeDef *hspi, uint8_t *pTxData, uint8_t *pRxData, uint16_t Size,
      |                                                                    ~~~~~~~~~^~~~~~~
../Core/Src/main.c:106:54: warning: passing argument 3 of 'HAL_SPI_TransmitReceive' from incompatible pointer type [-Wincompatible-pointer-types]
  106 |           HAL_SPI_TransmitReceive(&hspi1, &transmit, &receive, 8, 30);
      |                                                      ^~~~~~~~
      |                                                      |
      |                                                      uint8_t (*)[8] {aka unsigned char (*)[8]}
In file included from ../Core/Inc/stm32f0xx_hal_conf.h:277,
                 from ../Drivers/STM32F0xx_HAL_Driver/Inc/stm32f0xx_hal.h:29,
                 from ../Core/Inc/main.h:30,
                 from ../Core/Src/main.c:20:
../Drivers/STM32F0xx_HAL_Driver/Inc/stm32f0xx_hal_spi.h:794:95: note: expected 'uint8_t *' {aka 'unsigned char *'} but argument is of type 'uint8_t (*)[8]' {aka 'unsigned char (*)[8]'}
  794 | HAL_StatusTypeDef HAL_SPI_TransmitReceive(SPI_HandleTypeDef *hspi, uint8_t *pTxData, uint8_t *pRxData, uint16_t Size,
      |                                                                                      ~~~~~~~~~^~~~~~~
At top level:
../Core/Src/main.c:100:8: warning: 'ADC_communication' defined but not used [-Wunused-function]
  100 |   void ADC_communication(void){
      |        ^~~~~~~~~~~~~~~~~
arm-none-eabi-gcc -o "2021-Firmware-Bootcamp.elf" @"objects.list"   -mcpu=cortex-m0 -T"/Users/chandisecherine/STM32CubeIDE/workspace_1.13.2/onboarding/2021-Firmware-Bootcamp/STM32F072RBTX_FLASH.ld" --specs=nosys.specs -Wl,-Map="2021-Firmware-Bootcamp.map" -Wl,--gc-sections -static --specs=nano.specs -mfloat-abi=soft -mthumb -Wl,--start-group -lc -lm -Wl,--end-group
Finished building target: 2021-Firmware-Bootcamp.elf
 
arm-none-eabi-size   2021-Firmware-Bootcamp.elf 
arm-none-eabi-objdump -h -S  2021-Firmware-Bootcamp.elf  > "2021-Firmware-Bootcamp.list"
   text	   data	    bss	    dec	    hex	filename
  12660	     20	   1876	  14556	   38dc	2021-Firmware-Bootcamp.elf
Finished building: default.size.stdout
 
Finished building: 2021-Firmware-Bootcamp.list
 

22:49:17 Build Finished. 0 errors, 4 warnings. (took 726ms)

