18:18:20 **** Incremental Build of configuration Debug for project nucleof072rb ****
make -j12 all 
arm-none-eabi-gcc "../Core/Src/main.c" -mcpu=cortex-m0 -std=gnu11 -g3 -DDEBUG -DUSE_HAL_DRIVER -DSTM32F072xB -c -I../Core/Inc -I../Drivers/STM32F0xx_HAL_Driver/Inc -I../Drivers/STM32F0xx_HAL_Driver/Inc/Legacy -I../Drivers/CMSIS/Device/ST/STM32F0xx/Include -I../Drivers/CMSIS/Include -O0 -ffunction-sections -fdata-sections -Wall -fstack-usage -fcyclomatic-complexity -MMD -MP -MF"Core/Src/main.d" -MT"Core/Src/main.o" --specs=nano.specs -mfloat-abi=soft -mthumb -o "Core/Src/main.o"
arm-none-eabi-g++ -o "nucleof072rb.elf" @"objects.list"   -mcpu=cortex-m0 -T"C:\Users\bluep\STM32CubeIDE\workspace_1.16.0\nucleof072rb\STM32F072RBTX_FLASH.ld" --specs=nosys.specs -Wl,-Map="nucleof072rb.map" -Wl,--gc-sections -static --specs=nano.specs -mfloat-abi=soft -mthumb -Wl,--start-group -lc -lm -lstdc++ -lsupc++ -Wl,--end-group
Finished building target: nucleof072rb.elf
 
arm-none-eabi-size  nucleof072rb.elf 
arm-none-eabi-objdump -h -S nucleof072rb.elf  > "nucleof072rb.list"
   text	   data	    bss	    dec	    hex	filename
  17604	     24	   1880	  19508	   4c34	nucleof072rb.elf
Finished building: default.size.stdout
 
Finished building: nucleof072rb.list
 

18:18:22 Build Finished. 0 errors, 0 warnings. (took 1s.764ms)

